// Jest Snapshot v1, https://goo.gl/fbAQLP

exports[`ShopCard should render correctly 1`] = `
<div
  className="shop-card"
>
  <img
    alt=""
    className="icon"
    src="icon-3.svg"
  />
  <h3
    className="title -green"
  >
    Pacote 
  </h3>
  <div
    className="price"
  >
    <Price>
      3.14
    </Price>
  </div>
  <div
    className="description"
  />
  <Link
    replace={false}
    to="undefinedcomprar/undefined"
  >
    <Button
      color="green"
      onClick={[Function]}
    >
       Comprar 
    </Button>
  </Link>
</div>
`;
