// Jest Snapshot v1, https://goo.gl/fbAQLP

exports[`Features should render correctly 1`] = `
<_
  className="page-features"
  name="features"
>
  <Title>
    Programação
  </Title>
  <ModeSelector
    currentMode={0}
    onChange={[Function]}
  />
  <BlockSelector
    currentBlock={0}
    onChange={[Function]}
  />
  <div
    className="content"
  >
    <a
      className="minicourse"
      href="/menus/A01.pdf"
      rel="noopener noreferrer"
      target="_blank"
    >
      Invasões Biológicas
    </a>
    <a
      className="minicourse"
      href="/menus/A02.pdf"
      rel="noopener noreferrer"
      target="_blank"
    >
      Introdução aos Métodos de estudo em Anatomia Comparativa de Vertebrados
    </a>
    <a
      className="minicourse"
      href="/menus/A03.pdf"
      rel="noopener noreferrer"
      target="_blank"
    >
      Citogenética Animal
    </a>
    <a
      className="minicourse"
      href="/menus/A04.pdf"
      rel="noopener noreferrer"
      target="_blank"
    >
      Cultivo de células em Mamíferos
    </a>
    <a
      className="minicourse"
      href="/menus/A05.pdf"
      rel="noopener noreferrer"
      target="_blank"
    >
      Insetos e o homem: vamos discutir esta relação?
    </a>
    <a
      className="minicourse"
      href="/menus/A06.pdf"
      rel="noopener noreferrer"
      target="_blank"
    >
      Imunoterapias
    </a>
    <a
      className="minicourse"
      href="/menus/A07.pdf"
      rel="noopener noreferrer"
      target="_blank"
    >
      Produção de Biofármacos
    </a>
    <a
      className="minicourse"
      href="/menus/A08.pdf"
      rel="noopener noreferrer"
      target="_blank"
    >
      O despertar dos sentidos: o que sentimos, por que sentimos e como sentimos?
    </a>
    <a
      className="minicourse"
      href="/menus/A09.pdf"
      rel="noopener noreferrer"
      target="_blank"
    >
      Oficina de Iniciação em Bonsai
    </a>
    <a
      className="minicourse"
      href="/menus/A10.pdf"
      rel="noopener noreferrer"
      target="_blank"
    >
      Desenvolvimento e Aplicação de Nanopartículas Carreadoras de Fármacos
    </a>
  </div>
</_>
`;
