// Jest Snapshot v1, https://goo.gl/fbAQLP

exports[`Navbar should render correctly 1`] = `
<div
  className="navbar "
>
  <a
    className="brand"
    href="/"
  >
    <img
      alt="logo"
      className="logo"
      src="semabio-logo.svg"
    />
    <span
      className="name"
    >
      Semana da Biologia
    </span>
  </a>
  <NavBurger
    onClick={[Function]}
    variant=""
  />
</div>
`;
