// Jest Snapshot v1, https://goo.gl/fbAQLP

exports[`Shop should render correctly 1`] = `
<section
  className="page-shop"
>
  <Title>
    Quero me inscrever
  </Title>
  <p
    className="description"
  >
    Escolha o pacote ideal para você!
  </p>
  <main
    className="options"
  >
    <ShopCard
      description="
                  Lorem ipsum dolor
                  Consectetur adipiscing elit
                  Maecenas ante ipsum
                  Etiam luctus rhoncus urna
                "
      price={19}
      title="Básico"
    />
  </main>
</section>
`;
