// Jest Snapshot v1, https://goo.gl/fbAQLP

exports[`Shop should render correctly 1`] = `
<section
  className="page-shop"
>
  <Title>
    Quero me inscrever
  </Title>
  <p
    className="description"
  >
    Escolha o pacote ideal para você!
  </p>
  <main
    className="options"
  >
    <ShopCard
      description="
                  Ciclo de Palestras +
                  Coffee Break +
                  Kit Semabio
                "
      level={0}
      price={19}
      title="Pacote A"
    />
    <ShopCard
      description="
                  Ciclo de Palestras +
                  Coffee Break +
                  Kit Semabio +
                  1 Minicurso +
                  Camiseta
                "
      level={1}
      price={39}
      title="Pacote B"
    />
    <ShopCard
      description="
                  Ciclo de Palestras +
                  Coffee Break +
                  Kit Semabio +
                  2 Minicursos +
                  Camiseta
                "
      level={2}
      price={99}
      title="Pacote C"
    />
    <ShopCard
      description="
                  Ciclo de Palestras +
                  Coffee Break +
                  Kit Semabio +
                  3 Minicursos +
                  Camiseta
                "
      level={3}
      price={99.99}
      title="Pacote D"
    />
    <ShopCard
      description="
                  Ciclo de Palestras +
                  Coffee Break +
                  Kit Semabio +
                  4 Minicursos +
                  Camiseta
                "
      level={4}
      price={99.99}
      title="Pacote E"
    />
  </main>
  <footer
    className="shirt"
  >
    <Button
      color="outline"
    >
      <img
        alt="icone de camiseta"
        className="icon"
        src="shirt.svg"
      />
      <div
        className="text"
      >
        Quero apenas a camiseta
      </div>
    </Button>
    <span
      className="price"
    >
      Camiseta avulsa (R$ 25,00)
    </span>
  </footer>
</section>
`;
